// Jest Snapshot v1, https://goo.gl/fbAQLP

exports[`<Example /> should render the heading 1`] = `
<main
  class=""
>
  <h1>
    Example
  </h1>
</main>
`;
